[game283690.konggames.com/gamez/0028/3690/live/index.html]
[backblue.gif]
[fade.gif]
[index.html]
[cdn1.kongregate.com/javascripts/kongregate_api.js]
[game283690.konggames.com/gamez/0028/3690/live/index.html]
[game283690.konggames.com/gamez/0028/3690/live/Template/anthill.html]
[cdn1.kongregate.com/javascripts/kongregate_api.js]
[game283690.konggames.com/gamez/0028/3690/live/Build/UnityLoader.js]
[game283690.konggames.com/gamez/0028/3690/live/GET]
[game283690.konggames.com/gamez/0028/3690/live/inflate.js]
[game283690.konggames.com/gamez/0028/3690/live/Trident/index.html]
[game283690.konggames.com/gamez/0028/3690/live/dictionary.bin.6.delayed]
[game283690.konggames.com/gamez/0028/3690/live/decompress.js]
[game283690.konggames.com/gamez/0028/3690/live/Build/UnityLoader.js]
[game283690.konggames.com/gamez/0028/3690/live/GET.html]
[game283690.konggames.com/gamez/0028/3690/live/Trident/index.html]
[game283690.konggames.com/gamez/0028/3690/live/inflate.html]
[game283690.konggames.com/gamez/0028/3690/live/dictionary.bin.html]
[game283690.konggames.com/gamez/0028/3690/live/ABCDEFGHIJKLMNOPQRSTUVWXYZabcdefghijklmnopqrstuvwxyz0123456789+/index.html]
[game283690.konggames.com/gamez/0028/3690/live/ABCDEFGHIJKLMNOPQRSTUVWXYZabcdefghijklmnopqrstuvwxyz0123456789+/index.html]
[game283690.konggames.com/gamez/0028/3690/live/decompress.html]
