[storage.y8.com/y8-studio/html5/Gani/level-devil-trap-path/indexc167.html]
[backblue.gif]
[fade.gif]
[index.html]
[storage.y8.com/y8-studio/html5/Gani/level-devil-trap-path/appmanifest.json]
[storage.y8.com/y8-studio/html5/Gani/level-devil-trap-path/icons/icon-128.png]
[storage.y8.com/y8-studio/html5/Gani/level-devil-trap-path/icons/icon-256.png]
[storage.y8.com/y8-studio/html5/Gani/level-devil-trap-path/icons/icon-512.png]
[storage.y8.com/y8-studio/html5/Gani/level-devil-trap-path/style.css]
[img.y8.com/prevent-keys.js]
[storage.y8.com/y8-studio/html5/Gani/level-devil-trap-path/scripts/modernjscheck.js]
[storage.y8.com/y8-studio/html5/Gani/level-devil-trap-path/scripts/supportcheck.js]
[storage.y8.com/y8-studio/html5/Gani/level-devil-trap-path/scripts/offlineclient.js]
[storage.y8.com/y8-studio/html5/Gani/level-devil-trap-path/scripts/main.js]
[storage.y8.com/y8-studio/html5/Gani/level-devil-trap-path/indexc167.html]
[storage.y8.com/y8-studio/html5/Gani/level-devil-trap-path/style.css]
[storage.y8.com/y8-studio/html5/Gani/level-devil-trap-path/scripts/register-sw.js]
