[html5.gamedistribution.com/rvvASMiM/7980c23fbbae4af6851e01052fce3cce/indexfbeb.html]
[backblue.gif]
[fade.gif]
[index.html]
[html5.gamedistribution.com/rvvASMiM/7980c23fbbae4af6851e01052fce3cce/TemplateData/favicon.ico]
[html5.gamedistribution.com/rvvASMiM/7980c23fbbae4af6851e01052fce3cce/TemplateData/style.css]
[html5.gamedistribution.com/rvvASMiM/7980c23fbbae4af6851e01052fce3cce/Build]
[html5.gamedistribution.com/rvvASMiM/7980c23fbbae4af6851e01052fce3cce/indexfbeb.html]
[html5.gamedistribution.com/rvvASMiM/7980c23fbbae4af6851e01052fce3cce/TemplateData/unity-logo-dark.png]
[html5.gamedistribution.com/rvvASMiM/7980c23fbbae4af6851e01052fce3cce/TemplateData/progress-bar-empty-dark.png]
[html5.gamedistribution.com/rvvASMiM/7980c23fbbae4af6851e01052fce3cce/TemplateData/progress-bar-full-dark.png]
[html5.gamedistribution.com/rvvASMiM/7980c23fbbae4af6851e01052fce3cce/TemplateData/webgl-logo.png]
[html5.gamedistribution.com/rvvASMiM/7980c23fbbae4af6851e01052fce3cce/TemplateData/fullscreen-button.png]
[html5.gamedistribution.com/rvvASMiM/7980c23fbbae4af6851e01052fce3cce/TemplateData/style.css]
